---
source: noshell-macros/src/derive/tests.rs
description: "value : Option < u32 >"
---
value : if __args . contains ("value") { Some (__args . try_get_one :: < u32 > ("value") . map (Option :: unwrap) . and_then (noshell :: parser :: utils :: check_value_is_missing) . map (Option :: unwrap) ?) } else { None }
