---
source: noshell-macros/src/derive/tests.rs
description: "input: `# [arg (short , long)] value : u32`"
---
[(noshell :: parser :: lexer :: Flag :: Short ('v') , "value" , noshell :: parser :: AtMost :: One) , (noshell :: parser :: lexer :: Flag :: Long ("value") , "value" , noshell :: parser :: AtMost :: One)]
