---
source: noshell-macros/src/derive/tests.rs
description: "input: `value : u32`"
---
value : __args . try_get_one :: < u32 > ("value") . and_then (noshell :: parser :: utils :: check_arg_is_missing) . map (Option :: unwrap) . and_then (noshell :: parser :: utils :: check_value_is_missing) . map (Option :: unwrap) ?
